#
# There is insufficient memory for the Java Runtime Environment to continue.
# Native memory allocation (malloc) failed to allocate 1283584 bytes. Error detail: Chunk::new
# Possible reasons:
#   The system is out of physical RAM or swap space
#   This process is running with CompressedOops enabled, and the Java Heap may be blocking the growth of the native heap
# Possible solutions:
#   Reduce memory load on the system
#   Increase physical memory or swap space
#   Check if swap backing store is full
#   Decrease Java heap size (-Xmx/-Xms)
#   Decrease number of Java threads
#   Decrease Java thread stack sizes (-Xss)
#   Set larger code cache with -XX:ReservedCodeCacheSize=
#   JVM is running with Unscaled Compressed Oops mode in which the Java heap is
#     placed in the first 4GB address space. The Java Heap base address is the
#     maximum limit for the native heap growth. Please use -XX:HeapBaseMinAddress
#     to set the Java Heap base and to place the Java Heap above 4GB virtual address.
# This output file may be truncated or incomplete.
#
#  Out of Memory Error (arena.cpp:168), pid=6564, tid=18100
#
# JRE version: OpenJDK Runtime Environment Temurin-21.0.10+7 (21.0.10+7) (build 21.0.10+7-LTS)
# Java VM: OpenJDK 64-Bit Server VM Temurin-21.0.10+7 (21.0.10+7-LTS, mixed mode, sharing, tiered, compressed oops, compressed class ptrs, parallel gc, windows-amd64)
# No core dump will be written. Minidumps are not enabled by default on client versions of Windows
#

---------------  S U M M A R Y ------------

Command Line: --add-modules=ALL-SYSTEM --add-opens=java.base/java.util=ALL-UNNAMED --add-opens=java.base/java.lang=ALL-UNNAMED --add-opens=java.base/sun.nio.fs=ALL-UNNAMED -Declipse.application=org.eclipse.jdt.ls.core.id1 -Dosgi.bundles.defaultStartLevel=4 -Declipse.product=org.eclipse.jdt.ls.core.product -Djava.import.generatesMetadataFilesAtProjectRoot=false -DDetectVMInstallationsJob.disabled=true -Dfile.encoding=utf8 -XX:+UseParallelGC -XX:GCTimeRatio=4 -XX:AdaptiveSizePolicyWeight=90 -Dsun.zip.disableMemoryMapping=true -Xmx2G -Xms100m -Xlog:disable -javaagent:c:\Users\相\.vscode\extensions\redhat.java-1.54.0-win32-x64\lombok\lombok-1.18.39-4050.jar -XX:+HeapDumpOnOutOfMemoryError -XX:HeapDumpPath=c:\Users\相\AppData\Roaming\Code\User\workspaceStorage\fc9b43262a2132a71c7d9b583e12125f\redhat.java -Daether.dependencyCollector.impl=bf c:\Users\相\.vscode\extensions\redhat.java-1.54.0-win32-x64\server\plugins\org.eclipse.equinox.launcher_1.7.100.v20251111-0406.jar -configuration c:\Users\相\AppData\Roaming\Code\User\globalStorage\redhat.java\1.54.0\config_win -data c:\Users\相\AppData\Roaming\Code\User\workspaceStorage\fc9b43262a2132a71c7d9b583e12125f\redhat.java\jdt_ws --pipe=\\.\pipe\lsp-783ed55e8556a4678a9b166df864c540-sock

Host: AMD Ryzen 5 5500U with Radeon Graphics         , 12 cores, 7G,  Windows 11 , 64 bit Build 26100 (10.0.26100.8328)
Time: Fri May 15 01:10:16 2026 elapsed time: 13.077401 seconds (0d 0h 0m 13s)

---------------  T H R E A D  ---------------

Current thread (0x000001aff4150f80):  JavaThread "C2 CompilerThread0" daemon [_thread_in_native, id=18100, stack(0x000000a790500000,0x000000a790600000) (1024K)]


Current CompileTask:
C2:13077 6092       4       java.lang.invoke.MemberName::getMethodOrFieldType (72 bytes)

Stack: [0x000000a790500000,0x000000a790600000]
Native frames: (J=compiled Java code, j=interpreted, Vv=VM code, C=native code)
V  [jvm.dll+0x6d7a39]
V  [jvm.dll+0x8b4b26]
V  [jvm.dll+0x8b70de]
V  [jvm.dll+0x8b77c3]
V  [jvm.dll+0x284346]
V  [jvm.dll+0xc66ed]
V  [jvm.dll+0xc6c31]
V  [jvm.dll+0x3bec3b]
V  [jvm.dll+0x1e3f69]
V  [jvm.dll+0x24c6b3]
V  [jvm.dll+0x24bb40]
V  [jvm.dll+0x1cb34e]
V  [jvm.dll+0x25b85d]
V  [jvm.dll+0x259dea]
V  [jvm.dll+0x3f857e]
V  [jvm.dll+0x85f59d]
V  [jvm.dll+0x6d626d]
C  [ucrtbase.dll+0x37b0]
C  [KERNEL32.DLL+0x2e957]
C  [ntdll.dll+0x427c]


---------------  P R O C E S S  ---------------

Threads class SMR info:
_java_thread_list=0x000001afd85db950, length=31, elements={
0x000001aff1adc3c0, 0x000001aff4149fe0, 0x000001affb89b670, 0x000001affb89deb0,
0x000001aff414cfa0, 0x000001aff414da00, 0x000001aff414e460, 0x000001aff4150f80,
0x000001affcd23eb0, 0x000001affcef2470, 0x000001affd037dc0, 0x000001affe610010,
0x000001affe60e660, 0x000001affe5a6690, 0x000001affe5f1d50, 0x000001affe6b19b0,
0x000001affe875320, 0x000001afff450230, 0x000001affe9d0f00, 0x000001affe9cfb50,
0x000001affe9cee30, 0x000001affe9d2760, 0x000001affe9ce7a0, 0x000001affe640af0,
0x000001affe9cf4c0, 0x000001affe9d01e0, 0x000001affe9d0870, 0x000001affe9d1590,
0x000001affe9d1c20, 0x000001afff0ade80, 0x000001afff0ad160
}

Java Threads: ( => current thread )
  0x000001aff1adc3c0 JavaThread "main"                              [_thread_blocked, id=12472, stack(0x000000a78fb00000,0x000000a78fc00000) (1024K)]
  0x000001aff4149fe0 JavaThread "Reference Handler"          daemon [_thread_blocked, id=10088, stack(0x000000a78ff00000,0x000000a790000000) (1024K)]
  0x000001affb89b670 JavaThread "Finalizer"                  daemon [_thread_blocked, id=20332, stack(0x000000a790000000,0x000000a790100000) (1024K)]
  0x000001affb89deb0 JavaThread "Signal Dispatcher"          daemon [_thread_blocked, id=12556, stack(0x000000a790100000,0x000000a790200000) (1024K)]
  0x000001aff414cfa0 JavaThread "Attach Listener"            daemon [_thread_blocked, id=14600, stack(0x000000a790200000,0x000000a790300000) (1024K)]
  0x000001aff414da00 JavaThread "Service Thread"             daemon [_thread_blocked, id=2492, stack(0x000000a790300000,0x000000a790400000) (1024K)]
  0x000001aff414e460 JavaThread "Monitor Deflation Thread"   daemon [_thread_blocked, id=15844, stack(0x000000a790400000,0x000000a790500000) (1024K)]
=>0x000001aff4150f80 JavaThread "C2 CompilerThread0"         daemon [_thread_in_native, id=18100, stack(0x000000a790500000,0x000000a790600000) (1024K)]
  0x000001affcd23eb0 JavaThread "C1 CompilerThread0"         daemon [_thread_blocked, id=20704, stack(0x000000a790600000,0x000000a790700000) (1024K)]
  0x000001affcef2470 JavaThread "Common-Cleaner"             daemon [_thread_blocked, id=11224, stack(0x000000a790700000,0x000000a790800000) (1024K)]
  0x000001affd037dc0 JavaThread "Notification Thread"        daemon [_thread_blocked, id=11248, stack(0x000000a790800000,0x000000a790900000) (1024K)]
  0x000001affe610010 JavaThread "Active Thread: Equinox Container: 4dbf1f9d-c482-4d79-bd3f-55efbebcadfd"        [_thread_blocked, id=8420, stack(0x000000a791100000,0x000000a791200000) (1024K)]
  0x000001affe60e660 JavaThread "Refresh Thread: Equinox Container: 4dbf1f9d-c482-4d79-bd3f-55efbebcadfd" daemon [_thread_blocked, id=14820, stack(0x000000a791200000,0x000000a791300000) (1024K)]
  0x000001affe5a6690 JavaThread "Framework Event Dispatcher: Equinox Container: 4dbf1f9d-c482-4d79-bd3f-55efbebcadfd" daemon [_thread_blocked, id=9352, stack(0x000000a791300000,0x000000a791400000) (1024K)]
  0x000001affe5f1d50 JavaThread "Start Level: Equinox Container: 4dbf1f9d-c482-4d79-bd3f-55efbebcadfd" daemon [_thread_blocked, id=20928, stack(0x000000a791400000,0x000000a791500000) (1024K)]
  0x000001affe6b19b0 JavaThread "Bundle File Closer"         daemon [_thread_blocked, id=7000, stack(0x000000a791800000,0x000000a791900000) (1024K)]
  0x000001affe875320 JavaThread "SCR Component Actor"        daemon [_thread_blocked, id=2484, stack(0x000000a790900000,0x000000a790a00000) (1024K)]
  0x000001afff450230 JavaThread "Worker-JM"                         [_thread_blocked, id=21444, stack(0x000000a791a00000,0x000000a791b00000) (1024K)]
  0x000001affe9d0f00 JavaThread "JNA Cleaner"                daemon [_thread_blocked, id=10156, stack(0x000000a791500000,0x000000a791600000) (1024K)]
  0x000001affe9cfb50 JavaThread "Worker-0"                          [_thread_blocked, id=2124, stack(0x000000a791900000,0x000000a791a00000) (1024K)]
  0x000001affe9cee30 JavaThread "Worker-1"                          [_thread_blocked, id=18816, stack(0x000000a791b00000,0x000000a791c00000) (1024K)]
  0x000001affe9d2760 JavaThread "C2 CompilerThread1"         daemon [_thread_in_native, id=4296, stack(0x000000a791c00000,0x000000a791d00000) (1024K)]
  0x000001affe9ce7a0 JavaThread "Java indexing"              daemon [_thread_blocked, id=12212, stack(0x000000a791d00000,0x000000a791e00000) (1024K)]
  0x000001affe640af0 JavaThread "C2 CompilerThread2"         daemon [_thread_blocked, id=15044, stack(0x000000a791e00000,0x000000a791f00000) (1024K)]
  0x000001affe9cf4c0 JavaThread "Worker-2"                          [_thread_blocked, id=1532, stack(0x000000a792100000,0x000000a792200000) (1024K)]
  0x000001affe9d01e0 JavaThread "Worker-3"                          [_thread_blocked, id=14980, stack(0x000000a792200000,0x000000a792300000) (1024K)]
  0x000001affe9d0870 JavaThread "Worker-4: Repository registry initialization"        [_thread_in_Java, id=15848, stack(0x000000a792300000,0x000000a792400000) (1024K)]
  0x000001affe9d1590 JavaThread "Worker-5"                          [_thread_blocked, id=10404, stack(0x000000a792400000,0x000000a792500000) (1024K)]
  0x000001affe9d1c20 JavaThread "pool-2-thread-1"                   [_thread_blocked, id=15416, stack(0x000000a792500000,0x000000a792600000) (1024K)]
  0x000001afff0ade80 JavaThread "Framework stop - Equinox Container: 4dbf1f9d-c482-4d79-bd3f-55efbebcadfd"        [_thread_blocked, id=19252, stack(0x000000a792600000,0x000000a792700000) (1024K)]
  0x000001afff0ad160 JavaThread "Worker-6"                          [_thread_blocked, id=19212, stack(0x000000a792700000,0x000000a792800000) (1024K)]
Total: 31

Other Threads:
  0x000001affb884950 VMThread "VM Thread"                           [id=9616, stack(0x000000a78fe00000,0x000000a78ff00000) (1024K)]
  0x000001affb77ba00 WatcherThread "VM Periodic Task Thread"        [id=19784, stack(0x000000a78fd00000,0x000000a78fe00000) (1024K)]
  0x000001aff40be4c0 WorkerThread "GC Thread#0"                     [id=2360, stack(0x000000a78fc00000,0x000000a78fd00000) (1024K)]
  0x000001affe3b9800 WorkerThread "GC Thread#1"                     [id=14912, stack(0x000000a790b00000,0x000000a790c00000) (1024K)]
  0x000001affe1f7680 WorkerThread "GC Thread#2"                     [id=14140, stack(0x000000a790c00000,0x000000a790d00000) (1024K)]
  0x000001affe1f7a30 WorkerThread "GC Thread#3"                     [id=3028, stack(0x000000a790d00000,0x000000a790e00000) (1024K)]
  0x000001affe14a390 WorkerThread "GC Thread#4"                     [id=5524, stack(0x000000a790e00000,0x000000a790f00000) (1024K)]
  0x000001affe14a740 WorkerThread "GC Thread#5"                     [id=16576, stack(0x000000a790f00000,0x000000a791000000) (1024K)]
  0x000001affe14aaf0 WorkerThread "GC Thread#6"                     [id=2844, stack(0x000000a791000000,0x000000a791100000) (1024K)]
  0x000001affe71f180 WorkerThread "GC Thread#7"                     [id=19232, stack(0x000000a790a00000,0x000000a790b00000) (1024K)]
  0x000001affe71edd0 WorkerThread "GC Thread#8"                     [id=3496, stack(0x000000a791600000,0x000000a791700000) (1024K)]
  0x000001affe71e670 WorkerThread "GC Thread#9"                     [id=16276, stack(0x000000a791700000,0x000000a791800000) (1024K)]
Total: 12

Threads with active compile tasks:
C2 CompilerThread0  13131 6092       4       java.lang.invoke.MemberName::getMethodOrFieldType (72 bytes)
C1 CompilerThread0  13131 6441       3       java.util.TimSort::gallopRight (335 bytes)
C2 CompilerThread1  13131 6090       4       java.lang.invoke.MethodType::makeImpl (109 bytes)
Total: 3

VM state: not at safepoint (normal execution)

VM Mutex/Monitor currently owned by a thread: None

Heap address: 0x0000000080000000, size: 2048 MB, Compressed Oops mode: 32-bit

CDS archive(s) mapped at: [0x000001af8f000000-0x000001af8fba0000-0x000001af8fba0000), size 12189696, SharedBaseAddress: 0x000001af8f000000, ArchiveRelocationMode: 1.
Compressed class space mapped at: 0x000001af90000000-0x000001afd0000000, reserved size: 1073741824
Narrow klass base: 0x000001af8f000000, Narrow klass shift: 0, Narrow klass range: 0x100000000

GC Precious Log:
 CardTable entry size: 512
 CPUs: 12 total, 12 available
 Memory: 7514M
 Large Page Support: Disabled
 NUMA Support: Disabled
 Compressed Oops: Enabled (32-bit)
 Alignments: Space 512K, Generation 512K, Heap 2M
 Heap Min Capacity: 100M
 Heap Initial Capacity: 100M
 Heap Max Capacity: 2G
 Pre-touch: Disabled
 Parallel Workers: 10

Heap:
 PSYoungGen      total 23552K, used 3772K [0x00000000d5580000, 0x00000000d6e80000, 0x0000000100000000)
  eden space 22016K, 12% used [0x00000000d5580000,0x00000000d58270a8,0x00000000d6b00000)
  from space 1536K, 68% used [0x00000000d6d00000,0x00000000d6e08000,0x00000000d6e80000)
  to   space 1536K, 0% used [0x00000000d6b80000,0x00000000d6b80000,0x00000000d6d00000)
 ParOldGen       total 68608K, used 23884K [0x0000000080000000, 0x0000000084300000, 0x00000000d5580000)
  object space 68608K, 34% used [0x0000000080000000,0x00000000817532c8,0x0000000084300000)
 Metaspace       used 43525K, committed 44672K, reserved 1114112K
  class space    used 4710K, committed 5248K, reserved 1048576K

Card table byte_map: [0x000001aff3950000,0x000001aff3d60000] _byte_map_base: 0x000001aff3550000

Marking Bits: (ParMarkBitMap*) 0x00007ffc30803450
 Begin Bits: [0x000001aff72a0000, 0x000001aff92a0000)
 End Bits:   [0x000001aff92a0000, 0x000001affb2a0000)

Polling page: 0x000001aff1dd0000

Metaspace:

Usage:
  Non-class:     37.91 MB used.
      Class:      4.60 MB used.
       Both:     42.51 MB used.

Virtual space:
  Non-class space:       64.00 MB reserved,      38.50 MB ( 60%) committed,  1 nodes.
      Class space:        1.00 GB reserved,       5.12 MB ( <1%) committed,  1 nodes.
             Both:        1.06 GB reserved,      43.62 MB (  4%) committed. 

Chunk freelists:
   Non-Class:  9.19 MB
       Class:  10.89 MB
        Both:  20.08 MB

MaxMetaspaceSize: unlimited
CompressedClassSpaceSize: 1.00 GB
Initial GC threshold: 21.00 MB
Current GC threshold: 58.38 MB
CDS: on
 - commit_granule_bytes: 65536.
 - commit_granule_words: 8192.
 - virtual_space_node_default_size: 8388608.
 - enlarge_chunks_in_place: 1.
 - use_allocation_guard: 0.


Internal statistics:

num_allocs_failed_limit: 6.
num_arena_births: 818.
num_arena_deaths: 14.
num_vsnodes_births: 2.
num_vsnodes_deaths: 0.
num_space_committed: 698.
num_space_uncommitted: 0.
num_chunks_returned_to_freelist: 20.
num_chunks_taken_from_freelist: 2660.
num_chunk_merges: 10.
num_chunk_splits: 1702.
num_chunks_enlarged: 1068.
num_inconsistent_stats: 0.

CodeHeap 'non-profiled nmethods': size=120000Kb used=3067Kb max_used=3067Kb free=116932Kb
 bounds [0x000001af87ad0000, 0x000001af87dd0000, 0x000001af8f000000]
CodeHeap 'profiled nmethods': size=120000Kb used=12304Kb max_used=12304Kb free=107695Kb
 bounds [0x000001af80000000, 0x000001af80c10000, 0x000001af87530000]
CodeHeap 'non-nmethods': size=5760Kb used=1366Kb max_used=1423Kb free=4393Kb
 bounds [0x000001af87530000, 0x000001af877a0000, 0x000001af87ad0000]
CodeCache: size=245760Kb, used=16737Kb, max_used=16794Kb, free=229020Kb
 total_blobs=6525, nmethods=5864, adapters=567, full_count=0
Compilation: enabled, stopped_count=0, restarted_count=0

Compilation events (20 events):
Event: 13.064 Thread 0x000001affcd23eb0 nmethod 6415 0x000001af80bf2910 code [0x000001af80bf2ae0, 0x000001af80bf2f48]
Event: 13.064 Thread 0x000001affcd23eb0 6416       3       com.google.inject.internal.MembersInjectorStore$1::create (10 bytes)
Event: 13.064 Thread 0x000001affcd23eb0 nmethod 6416 0x000001af80bf3110 code [0x000001af80bf32e0, 0x000001af80bf35e0]
Event: 13.065 Thread 0x000001affcd23eb0 6418       3       com.google.common.collect.ImmutableSet$RegularSetBuilderImpl::insertInHashTable (125 bytes)
Event: 13.065 Thread 0x000001affcd23eb0 nmethod 6418 0x000001af80bf3710 code [0x000001af80bf3980, 0x000001af80bf4340]
Event: 13.065 Thread 0x000001affcd23eb0 6417       3       com.google.inject.internal.MembersInjectorStore$1::create (10 bytes)
Event: 13.066 Thread 0x000001affcd23eb0 nmethod 6417 0x000001af80bf4710 code [0x000001af80bf48c0, 0x000001af80bf4a58]
Event: 13.066 Thread 0x000001affcd23eb0 6419       3       org.eclipse.sisu.bean.LifecycleManager::manage (6 bytes)
Event: 13.066 Thread 0x000001affcd23eb0 nmethod 6419 0x000001af80bf4b90 code [0x000001af80bf4d40, 0x000001af80bf4e78]
Event: 13.066 Thread 0x000001affcd23eb0 6420       3       java.lang.ClassValue::get (31 bytes)
Event: 13.067 Thread 0x000001affcd23eb0 nmethod 6420 0x000001af80bf4f10 code [0x000001af80bf5140, 0x000001af80bf5a30]
Event: 13.067 Thread 0x000001affcd23eb0 6421       3       com.google.inject.internal.aop.ClassBuilding::canFastInvoke (92 bytes)
Event: 13.068 Thread 0x000001affcd23eb0 nmethod 6421 0x000001af80bf5e10 code [0x000001af80bf5fc0, 0x000001af80bf6238]
Event: 13.068 Thread 0x000001affcd23eb0 6422       3       com.google.inject.internal.BytecodeGen::fastClass (14 bytes)
Event: 13.068 Thread 0x000001affcd23eb0 nmethod 6422 0x000001af80bf6390 code [0x000001af80bf6560, 0x000001af80bf68e0]
Event: 13.068 Thread 0x000001affcd23eb0 6423       3       com.google.common.collect.ImmutableList$Builder::<init> (6 bytes)
Event: 13.069 Thread 0x000001affcd23eb0 nmethod 6423 0x000001af80bf6a10 code [0x000001af80bf6bc0, 0x000001af80bf6ea8]
Event: 13.069 Thread 0x000001affcd23eb0 6424       3       com.google.common.collect.ImmutableList::builder (8 bytes)
Event: 13.070 Thread 0x000001affcd23eb0 nmethod 6424 0x000001af80bf7010 code [0x000001af80bf71e0, 0x000001af80bf7558]
Event: 13.070 Thread 0x000001affcd23eb0 6425       3       com.google.inject.internal.ConstructorBindingImpl::initialize (37 bytes)

GC Heap History (20 events):
Event: 8.985 GC heap before
{Heap before GC invocations=11 (full 1):
 PSYoungGen      total 26112K, used 25869K [0x00000000d5580000, 0x00000000d7380000, 0x0000000100000000)
  eden space 23552K, 100% used [0x00000000d5580000,0x00000000d6c80000,0x00000000d6c80000)
  from space 2560K, 90% used [0x00000000d6f00000,0x00000000d7143438,0x00000000d7180000)
  to   space 2048K, 0% used [0x00000000d7180000,0x00000000d7180000,0x00000000d7380000)
 ParOldGen       total 68608K, used 14256K [0x0000000080000000, 0x0000000084300000, 0x00000000d5580000)
  object space 68608K, 20% used [0x0000000080000000,0x0000000080dec090,0x0000000084300000)
 Metaspace       used 27891K, committed 28800K, reserved 1114112K
  class space    used 2734K, committed 3136K, reserved 1048576K
}
Event: 8.987 GC heap after
{Heap after GC invocations=11 (full 1):
 PSYoungGen      total 25088K, used 2023K [0x00000000d5580000, 0x00000000d7380000, 0x0000000100000000)
  eden space 23040K, 0% used [0x00000000d5580000,0x00000000d5580000,0x00000000d6c00000)
  from space 2048K, 98% used [0x00000000d7180000,0x00000000d7379f80,0x00000000d7380000)
  to   space 3584K, 0% used [0x00000000d6c80000,0x00000000d6c80000,0x00000000d7000000)
 ParOldGen       total 68608K, used 15235K [0x0000000080000000, 0x0000000084300000, 0x00000000d5580000)
  object space 68608K, 22% used [0x0000000080000000,0x0000000080ee0f48,0x0000000084300000)
 Metaspace       used 27891K, committed 28800K, reserved 1114112K
  class space    used 2734K, committed 3136K, reserved 1048576K
}
Event: 9.379 GC heap before
{Heap before GC invocations=12 (full 1):
 PSYoungGen      total 25088K, used 25008K [0x00000000d5580000, 0x00000000d7380000, 0x0000000100000000)
  eden space 23040K, 99% used [0x00000000d5580000,0x00000000d6bf2098,0x00000000d6c00000)
  from space 2048K, 98% used [0x00000000d7180000,0x00000000d7379f80,0x00000000d7380000)
  to   space 3584K, 0% used [0x00000000d6c80000,0x00000000d6c80000,0x00000000d7000000)
 ParOldGen       total 68608K, used 15235K [0x0000000080000000, 0x0000000084300000, 0x00000000d5580000)
  object space 68608K, 22% used [0x0000000080000000,0x0000000080ee0f48,0x0000000084300000)
 Metaspace       used 31226K, committed 32384K, reserved 1114112K
  class space    used 3096K, committed 3648K, reserved 1048576K
}
Event: 9.382 GC heap after
{Heap after GC invocations=12 (full 1):
 PSYoungGen      total 25600K, used 2574K [0x00000000d5580000, 0x00000000d7200000, 0x0000000100000000)
  eden space 22528K, 0% used [0x00000000d5580000,0x00000000d5580000,0x00000000d6b80000)
  from space 3072K, 83% used [0x00000000d6c80000,0x00000000d6f03ae0,0x00000000d6f80000)
  to   space 2560K, 0% used [0x00000000d6f80000,0x00000000d6f80000,0x00000000d7200000)
 ParOldGen       total 68608K, used 17252K [0x0000000080000000, 0x0000000084300000, 0x00000000d5580000)
  object space 68608K, 25% used [0x0000000080000000,0x00000000810d93b0,0x0000000084300000)
 Metaspace       used 31226K, committed 32384K, reserved 1114112K
  class space    used 3096K, committed 3648K, reserved 1048576K
}
Event: 9.560 GC heap before
{Heap before GC invocations=13 (full 1):
 PSYoungGen      total 25600K, used 25102K [0x00000000d5580000, 0x00000000d7200000, 0x0000000100000000)
  eden space 22528K, 100% used [0x00000000d5580000,0x00000000d6b80000,0x00000000d6b80000)
  from space 3072K, 83% used [0x00000000d6c80000,0x00000000d6f03ae0,0x00000000d6f80000)
  to   space 2560K, 0% used [0x00000000d6f80000,0x00000000d6f80000,0x00000000d7200000)
 ParOldGen       total 68608K, used 17252K [0x0000000080000000, 0x0000000084300000, 0x00000000d5580000)
  object space 68608K, 25% used [0x0000000080000000,0x00000000810d93b0,0x0000000084300000)
 Metaspace       used 33850K, committed 35008K, reserved 1114112K
  class space    used 3453K, committed 3968K, reserved 1048576K
}
Event: 9.563 GC heap after
{Heap after GC invocations=13 (full 1):
 PSYoungGen      total 24576K, used 2179K [0x00000000d5580000, 0x00000000d7200000, 0x0000000100000000)
  eden space 22016K, 0% used [0x00000000d5580000,0x00000000d5580000,0x00000000d6b00000)
  from space 2560K, 85% used [0x00000000d6f80000,0x00000000d71a0d90,0x00000000d7200000)
  to   space 2560K, 0% used [0x00000000d6d00000,0x00000000d6d00000,0x00000000d6f80000)
 ParOldGen       total 68608K, used 19478K [0x0000000080000000, 0x0000000084300000, 0x00000000d5580000)
  object space 68608K, 28% used [0x0000000080000000,0x0000000081305af8,0x0000000084300000)
 Metaspace       used 33850K, committed 35008K, reserved 1114112K
  class space    used 3453K, committed 3968K, reserved 1048576K
}
Event: 9.755 GC heap before
{Heap before GC invocations=14 (full 1):
 PSYoungGen      total 24576K, used 12026K [0x00000000d5580000, 0x00000000d7200000, 0x0000000100000000)
  eden space 22016K, 44% used [0x00000000d5580000,0x00000000d5f1daa8,0x00000000d6b00000)
  from space 2560K, 85% used [0x00000000d6f80000,0x00000000d71a0d90,0x00000000d7200000)
  to   space 2560K, 0% used [0x00000000d6d00000,0x00000000d6d00000,0x00000000d6f80000)
 ParOldGen       total 68608K, used 19478K [0x0000000080000000, 0x0000000084300000, 0x00000000d5580000)
  object space 68608K, 28% used [0x0000000080000000,0x0000000081305af8,0x0000000084300000)
 Metaspace       used 34721K, committed 35840K, reserved 1114112K
  class space    used 3551K, committed 4032K, reserved 1048576K
}
Event: 9.758 GC heap after
{Heap after GC invocations=14 (full 1):
 PSYoungGen      total 23040K, used 544K [0x00000000d5580000, 0x00000000d7000000, 0x0000000100000000)
  eden space 22016K, 0% used [0x00000000d5580000,0x00000000d5580000,0x00000000d6b00000)
  from space 1024K, 53% used [0x00000000d6d00000,0x00000000d6d88000,0x00000000d6e00000)
  to   space 1536K, 0% used [0x00000000d6e80000,0x00000000d6e80000,0x00000000d7000000)
 ParOldGen       total 68608K, used 21400K [0x0000000080000000, 0x0000000084300000, 0x00000000d5580000)
  object space 68608K, 31% used [0x0000000080000000,0x00000000814e6160,0x0000000084300000)
 Metaspace       used 34721K, committed 35840K, reserved 1114112K
  class space    used 3551K, committed 4032K, reserved 1048576K
}
Event: 9.758 GC heap before
{Heap before GC invocations=15 (full 2):
 PSYoungGen      total 23040K, used 544K [0x00000000d5580000, 0x00000000d7000000, 0x0000000100000000)
  eden space 22016K, 0% used [0x00000000d5580000,0x00000000d5580000,0x00000000d6b00000)
  from space 1024K, 53% used [0x00000000d6d00000,0x00000000d6d88000,0x00000000d6e00000)
  to   space 1536K, 0% used [0x00000000d6e80000,0x00000000d6e80000,0x00000000d7000000)
 ParOldGen       total 68608K, used 21400K [0x0000000080000000, 0x0000000084300000, 0x00000000d5580000)
  object space 68608K, 31% used [0x0000000080000000,0x00000000814e6160,0x0000000084300000)
 Metaspace       used 34721K, committed 35840K, reserved 1114112K
  class space    used 3551K, committed 4032K, reserved 1048576K
}
Event: 9.794 GC heap after
{Heap after GC invocations=15 (full 2):
 PSYoungGen      total 23040K, used 0K [0x00000000d5580000, 0x00000000d7000000, 0x0000000100000000)
  eden space 22016K, 0% used [0x00000000d5580000,0x00000000d5580000,0x00000000d6b00000)
  from space 1024K, 0% used [0x00000000d6d00000,0x00000000d6d00000,0x00000000d6e00000)
  to   space 1536K, 0% used [0x00000000d6e80000,0x00000000d6e80000,0x00000000d7000000)
 ParOldGen       total 68608K, used 20547K [0x0000000080000000, 0x0000000084300000, 0x00000000d5580000)
  object space 68608K, 29% used [0x0000000080000000,0x0000000081410f08,0x0000000084300000)
 Metaspace       used 34721K, committed 35840K, reserved 1114112K
  class space    used 3551K, committed 4032K, reserved 1048576K
}
Event: 10.266 GC heap before
{Heap before GC invocations=16 (full 2):
 PSYoungGen      total 23040K, used 22013K [0x00000000d5580000, 0x00000000d7000000, 0x0000000100000000)
  eden space 22016K, 99% used [0x00000000d5580000,0x00000000d6aff448,0x00000000d6b00000)
  from space 1024K, 0% used [0x00000000d6d00000,0x00000000d6d00000,0x00000000d6e00000)
  to   space 1536K, 0% used [0x00000000d6e80000,0x00000000d6e80000,0x00000000d7000000)
 ParOldGen       total 68608K, used 20547K [0x0000000080000000, 0x0000000084300000, 0x00000000d5580000)
  object space 68608K, 29% used [0x0000000080000000,0x0000000081410f08,0x0000000084300000)
 Metaspace       used 35885K, committed 36928K, reserved 1114112K
  class space    used 3718K, committed 4160K, reserved 1048576K
}
Event: 10.269 GC heap after
{Heap after GC invocations=16 (full 2):
 PSYoungGen      total 23040K, used 768K [0x00000000d5580000, 0x00000000d6f80000, 0x0000000100000000)
  eden space 22016K, 0% used [0x00000000d5580000,0x00000000d5580000,0x00000000d6b00000)
  from space 1024K, 75% used [0x00000000d6e80000,0x00000000d6f40000,0x00000000d6f80000)
  to   space 1024K, 0% used [0x00000000d6d00000,0x00000000d6d00000,0x00000000d6e00000)
 ParOldGen       total 68608K, used 20555K [0x0000000080000000, 0x0000000084300000, 0x00000000d5580000)
  object space 68608K, 29% used [0x0000000080000000,0x0000000081412f08,0x0000000084300000)
 Metaspace       used 35885K, committed 36928K, reserved 1114112K
  class space    used 3718K, committed 4160K, reserved 1048576K
}
Event: 10.955 GC heap before
{Heap before GC invocations=17 (full 2):
 PSYoungGen      total 23040K, used 22782K [0x00000000d5580000, 0x00000000d6f80000, 0x0000000100000000)
  eden space 22016K, 99% used [0x00000000d5580000,0x00000000d6affa58,0x00000000d6b00000)
  from space 1024K, 75% used [0x00000000d6e80000,0x00000000d6f40000,0x00000000d6f80000)
  to   space 1024K, 0% used [0x00000000d6d00000,0x00000000d6d00000,0x00000000d6e00000)
 ParOldGen       total 68608K, used 20555K [0x0000000080000000, 0x0000000084300000, 0x00000000d5580000)
  object space 68608K, 29% used [0x0000000080000000,0x0000000081412f08,0x0000000084300000)
 Metaspace       used 37740K, committed 38848K, reserved 1114112K
  class space    used 3952K, committed 4416K, reserved 1048576K
}
Event: 10.957 GC heap after
{Heap after GC invocations=17 (full 2):
 PSYoungGen      total 23040K, used 714K [0x00000000d5580000, 0x00000000d6f00000, 0x0000000100000000)
  eden space 22016K, 0% used [0x00000000d5580000,0x00000000d5580000,0x00000000d6b00000)
  from space 1024K, 69% used [0x00000000d6d00000,0x00000000d6db2a50,0x00000000d6e00000)
  to   space 1024K, 0% used [0x00000000d6e00000,0x00000000d6e00000,0x00000000d6f00000)
 ParOldGen       total 68608K, used 21115K [0x0000000080000000, 0x0000000084300000, 0x00000000d5580000)
  object space 68608K, 30% used [0x0000000080000000,0x000000008149ef08,0x0000000084300000)
 Metaspace       used 37740K, committed 38848K, reserved 1114112K
  class space    used 3952K, committed 4416K, reserved 1048576K
}
Event: 11.714 GC heap before
{Heap before GC invocations=18 (full 2):
 PSYoungGen      total 23040K, used 22730K [0x00000000d5580000, 0x00000000d6f00000, 0x0000000100000000)
  eden space 22016K, 100% used [0x00000000d5580000,0x00000000d6b00000,0x00000000d6b00000)
  from space 1024K, 69% used [0x00000000d6d00000,0x00000000d6db2a50,0x00000000d6e00000)
  to   space 1024K, 0% used [0x00000000d6e00000,0x00000000d6e00000,0x00000000d6f00000)
 ParOldGen       total 68608K, used 21115K [0x0000000080000000, 0x0000000084300000, 0x00000000d5580000)
  object space 68608K, 30% used [0x0000000080000000,0x000000008149ef08,0x0000000084300000)
 Metaspace       used 40042K, committed 41216K, reserved 1114112K
  class space    used 4253K, committed 4800K, reserved 1048576K
}
Event: 11.716 GC heap after
{Heap after GC invocations=18 (full 2):
 PSYoungGen      total 23040K, used 1024K [0x00000000d5580000, 0x00000000d6f00000, 0x0000000100000000)
  eden space 22016K, 0% used [0x00000000d5580000,0x00000000d5580000,0x00000000d6b00000)
  from space 1024K, 100% used [0x00000000d6e00000,0x00000000d6f00000,0x00000000d6f00000)
  to   space 2048K, 0% used [0x00000000d6b00000,0x00000000d6b00000,0x00000000d6d00000)
 ParOldGen       total 68608K, used 21639K [0x0000000080000000, 0x0000000084300000, 0x00000000d5580000)
  object space 68608K, 31% used [0x0000000080000000,0x0000000081521f18,0x0000000084300000)
 Metaspace       used 40042K, committed 41216K, reserved 1114112K
  class space    used 4253K, committed 4800K, reserved 1048576K
}
Event: 12.606 GC heap before
{Heap before GC invocations=19 (full 2):
 PSYoungGen      total 23040K, used 23040K [0x00000000d5580000, 0x00000000d6f00000, 0x0000000100000000)
  eden space 22016K, 100% used [0x00000000d5580000,0x00000000d6b00000,0x00000000d6b00000)
  from space 1024K, 100% used [0x00000000d6e00000,0x00000000d6f00000,0x00000000d6f00000)
  to   space 2048K, 0% used [0x00000000d6b00000,0x00000000d6b00000,0x00000000d6d00000)
 ParOldGen       total 68608K, used 21639K [0x0000000080000000, 0x0000000084300000, 0x00000000d5580000)
  object space 68608K, 31% used [0x0000000080000000,0x0000000081521f18,0x0000000084300000)
 Metaspace       used 42506K, committed 43648K, reserved 1114112K
  class space    used 4585K, committed 5120K, reserved 1048576K
}
Event: 12.609 GC heap after
{Heap after GC invocations=19 (full 2):
 PSYoungGen      total 24064K, used 1568K [0x00000000d5580000, 0x00000000d6f00000, 0x0000000100000000)
  eden space 22016K, 0% used [0x00000000d5580000,0x00000000d5580000,0x00000000d6b00000)
  from space 2048K, 76% used [0x00000000d6b00000,0x00000000d6c88000,0x00000000d6d00000)
  to   space 2048K, 0% used [0x00000000d6d00000,0x00000000d6d00000,0x00000000d6f00000)
 ParOldGen       total 68608K, used 22559K [0x0000000080000000, 0x0000000084300000, 0x00000000d5580000)
  object space 68608K, 32% used [0x0000000080000000,0x0000000081607c18,0x0000000084300000)
 Metaspace       used 42506K, committed 43648K, reserved 1114112K
  class space    used 4585K, committed 5120K, reserved 1048576K
}
Event: 13.002 GC heap before
{Heap before GC invocations=20 (full 2):
 PSYoungGen      total 24064K, used 23584K [0x00000000d5580000, 0x00000000d6f00000, 0x0000000100000000)
  eden space 22016K, 100% used [0x00000000d5580000,0x00000000d6b00000,0x00000000d6b00000)
  from space 2048K, 76% used [0x00000000d6b00000,0x00000000d6c88000,0x00000000d6d00000)
  to   space 2048K, 0% used [0x00000000d6d00000,0x00000000d6d00000,0x00000000d6f00000)
 ParOldGen       total 68608K, used 22559K [0x0000000080000000, 0x0000000084300000, 0x00000000d5580000)
  object space 68608K, 32% used [0x0000000080000000,0x0000000081607c18,0x0000000084300000)
 Metaspace       used 43454K, committed 44608K, reserved 1114112K
  class space    used 4709K, committed 5248K, reserved 1048576K
}
Event: 13.005 GC heap after
{Heap after GC invocations=20 (full 2):
 PSYoungGen      total 23552K, used 1056K [0x00000000d5580000, 0x00000000d6e80000, 0x0000000100000000)
  eden space 22016K, 0% used [0x00000000d5580000,0x00000000d5580000,0x00000000d6b00000)
  from space 1536K, 68% used [0x00000000d6d00000,0x00000000d6e08000,0x00000000d6e80000)
  to   space 1536K, 0% used [0x00000000d6b80000,0x00000000d6b80000,0x00000000d6d00000)
 ParOldGen       total 68608K, used 23884K [0x0000000080000000, 0x0000000084300000, 0x00000000d5580000)
  object space 68608K, 34% used [0x0000000080000000,0x00000000817532c8,0x0000000084300000)
 Metaspace       used 43454K, committed 44608K, reserved 1114112K
  class space    used 4709K, committed 5248K, reserved 1048576K
}

Dll operation events (10 events):
Event: 0.031 Loaded shared library c:\Users\相\.vscode\extensions\redhat.java-1.54.0-win32-x64\jre\21.0.10-win32-x86_64\bin\java.dll
Event: 0.083 Loaded shared library c:\Users\相\.vscode\extensions\redhat.java-1.54.0-win32-x64\jre\21.0.10-win32-x86_64\bin\zip.dll
Event: 0.229 Loaded shared library C:\Users\相\.vscode\extensions\redhat.java-1.54.0-win32-x64\jre\21.0.10-win32-x86_64\bin\instrument.dll
Event: 0.243 Loaded shared library C:\Users\相\.vscode\extensions\redhat.java-1.54.0-win32-x64\jre\21.0.10-win32-x86_64\bin\net.dll
Event: 0.248 Loaded shared library C:\Users\相\.vscode\extensions\redhat.java-1.54.0-win32-x64\jre\21.0.10-win32-x86_64\bin\nio.dll
Event: 0.255 Loaded shared library C:\Users\相\.vscode\extensions\redhat.java-1.54.0-win32-x64\jre\21.0.10-win32-x86_64\bin\zip.dll
Event: 0.301 Loaded shared library C:\Users\相\.vscode\extensions\redhat.java-1.54.0-win32-x64\jre\21.0.10-win32-x86_64\bin\jimage.dll
Event: 0.511 Loaded shared library c:\Users\相\.vscode\extensions\redhat.java-1.54.0-win32-x64\jre\21.0.10-win32-x86_64\bin\verify.dll
Event: 2.818 Loaded shared library C:\Users\相\AppData\Roaming\Code\User\globalStorage\redhat.java\1.54.0\config_win\org.eclipse.equinox.launcher\org.eclipse.equinox.launcher.win32.win32.x86_64_1.3.0.v20260203-2149\eclipse_11919.dll
Event: 7.418 Loaded shared library C:\Users\相\AppData\Local\Temp\jna-32494745\jna6912509853568121207.dll

Deoptimization events (20 events):
Event: 12.819 Thread 0x000001affe9d0870 DEOPT PACKING pc=0x000001af8002beb2 sp=0x000000a7923fe530
Event: 12.819 Thread 0x000001affe9d0870 DEOPT UNPACKING pc=0x000001af87584242 sp=0x000000a7923fda60 mode 0
Event: 12.870 Thread 0x000001affe9d0870 Uncommon trap: trap_request=0xffffffc6 fr.pc=0x000001af87d900d0 relative=0x0000000000000090
Event: 12.870 Thread 0x000001affe9d0870 Uncommon trap: reason=bimorphic_or_optimized_type_check action=maybe_recompile pc=0x000001af87d900d0 method=com.google.inject.internal.LinkedBindingImpl.acceptTargetVisitor(Lcom/google/inject/spi/BindingTargetVisitor;)Ljava/lang/Object; @ 2 c2
Event: 12.870 Thread 0x000001affe9d0870 DEOPT PACKING pc=0x000001af87d900d0 sp=0x000000a7923fead0
Event: 12.870 Thread 0x000001affe9d0870 DEOPT UNPACKING pc=0x000001af87583aa2 sp=0x000000a7923fea58 mode 2
Event: 12.870 Thread 0x000001affe9d0870 Uncommon trap: trap_request=0xffffffc6 fr.pc=0x000001af87d900d0 relative=0x0000000000000090
Event: 12.870 Thread 0x000001affe9d0870 Uncommon trap: reason=bimorphic_or_optimized_type_check action=maybe_recompile pc=0x000001af87d900d0 method=com.google.inject.internal.LinkedBindingImpl.acceptTargetVisitor(Lcom/google/inject/spi/BindingTargetVisitor;)Ljava/lang/Object; @ 2 c2
Event: 12.870 Thread 0x000001affe9d0870 DEOPT PACKING pc=0x000001af87d900d0 sp=0x000000a7923fead0
Event: 12.870 Thread 0x000001affe9d0870 DEOPT UNPACKING pc=0x000001af87583aa2 sp=0x000000a7923fea58 mode 2
Event: 12.879 Thread 0x000001affe9d0870 Uncommon trap: trap_request=0xffffffc6 fr.pc=0x000001af87d900d0 relative=0x0000000000000090
Event: 12.879 Thread 0x000001affe9d0870 Uncommon trap: reason=bimorphic_or_optimized_type_check action=maybe_recompile pc=0x000001af87d900d0 method=com.google.inject.internal.LinkedBindingImpl.acceptTargetVisitor(Lcom/google/inject/spi/BindingTargetVisitor;)Ljava/lang/Object; @ 2 c2
Event: 12.879 Thread 0x000001affe9d0870 DEOPT PACKING pc=0x000001af87d900d0 sp=0x000000a7923fead0
Event: 12.879 Thread 0x000001affe9d0870 DEOPT UNPACKING pc=0x000001af87583aa2 sp=0x000000a7923fea58 mode 2
Event: 12.879 Thread 0x000001affe9d0870 Uncommon trap: trap_request=0xffffffc6 fr.pc=0x000001af87d900d0 relative=0x0000000000000090
Event: 12.881 Thread 0x000001affe9d0870 Uncommon trap: reason=bimorphic_or_optimized_type_check action=maybe_recompile pc=0x000001af87d900d0 method=com.google.inject.internal.LinkedBindingImpl.acceptTargetVisitor(Lcom/google/inject/spi/BindingTargetVisitor;)Ljava/lang/Object; @ 2 c2
Event: 12.881 Thread 0x000001affe9d0870 DEOPT PACKING pc=0x000001af87d900d0 sp=0x000000a7923fead0
Event: 12.881 Thread 0x000001affe9d0870 DEOPT UNPACKING pc=0x000001af87583aa2 sp=0x000000a7923fea58 mode 2
Event: 12.891 Thread 0x000001affe9cee30 DEOPT PACKING pc=0x000001af8065b31f sp=0x000000a791bfe0a0
Event: 12.891 Thread 0x000001affe9cee30 DEOPT UNPACKING pc=0x000001af87584242 sp=0x000000a791bfd578 mode 0

Classes loaded (20 events):
Event: 11.927 Loading class sun/reflect/generics/scope/MethodScope
Event: 11.927 Loading class sun/reflect/generics/scope/MethodScope done
Event: 11.928 Loading class sun/reflect/generics/repository/MethodRepository
Event: 11.928 Loading class sun/reflect/generics/repository/MethodRepository done
Event: 12.337 Loading class java/lang/ProcessEnvironment$CheckedKeySet
Event: 12.337 Loading class java/lang/ProcessEnvironment$CheckedKeySet done
Event: 12.632 Loading class java/util/regex/Pattern$Pos
Event: 12.632 Loading class java/util/regex/Pattern$Pos done
Event: 12.696 Loading class java/util/WeakHashMap$KeyIterator
Event: 12.696 Loading class java/util/WeakHashMap$KeyIterator done
Event: 12.697 Loading class sun/security/provider/MD5
Event: 12.697 Loading class sun/security/provider/MD5 done
Event: 12.698 Loading class sun/security/provider/ByteArrayAccess$LE
Event: 12.698 Loading class sun/security/provider/ByteArrayAccess$LE done
Event: 12.746 Loading class java/util/Hashtable$KeySet
Event: 12.746 Loading class java/util/Hashtable$KeySet done
Event: 12.889 Loading class sun/net/www/protocol/https/Handler
Event: 12.890 Loading class sun/net/www/protocol/http/Handler
Event: 12.890 Loading class sun/net/www/protocol/http/Handler done
Event: 12.890 Loading class sun/net/www/protocol/https/Handler done

Classes unloaded (7 events):
Event: 8.312 Thread 0x000001affb884950 Unloading class 0x000001af901b1000 'java/lang/invoke/LambdaForm$MH+0x000001af901b1000'
Event: 8.312 Thread 0x000001affb884950 Unloading class 0x000001af901b0c00 'java/lang/invoke/LambdaForm$MH+0x000001af901b0c00'
Event: 8.312 Thread 0x000001affb884950 Unloading class 0x000001af901b0800 'java/lang/invoke/LambdaForm$MH+0x000001af901b0800'
Event: 8.312 Thread 0x000001affb884950 Unloading class 0x000001af901b0400 'java/lang/invoke/LambdaForm$MH+0x000001af901b0400'
Event: 8.312 Thread 0x000001affb884950 Unloading class 0x000001af901b0000 'java/lang/invoke/LambdaForm$BMH+0x000001af901b0000'
Event: 8.312 Thread 0x000001affb884950 Unloading class 0x000001af901afc00 'java/lang/invoke/LambdaForm$DMH+0x000001af901afc00'
Event: 8.312 Thread 0x000001affb884950 Unloading class 0x000001af901aec00 'java/lang/invoke/LambdaForm$DMH+0x000001af901aec00'

Classes redefined (0 events):
No events

Internal exceptions (20 events):
Event: 12.937 Thread 0x000001affe9cee30 Exception <a 'sun/nio/fs/WindowsException'{0x00000000d6916560}> (0x00000000d6916560) 
thrown [s\src\hotspot\share\prims\jni.cpp, line 520]
Event: 12.937 Thread 0x000001affe9cee30 Exception <a 'sun/nio/fs/WindowsException'{0x00000000d6916e80}> (0x00000000d6916e80) 
thrown [s\src\hotspot\share\prims\jni.cpp, line 520]
Event: 12.937 Thread 0x000001affe9cee30 Exception <a 'sun/nio/fs/WindowsException'{0x00000000d6917760}> (0x00000000d6917760) 
thrown [s\src\hotspot\share\prims\jni.cpp, line 520]
Event: 12.938 Thread 0x000001affe9cee30 Exception <a 'sun/nio/fs/WindowsException'{0x00000000d6918390}> (0x00000000d6918390) 
thrown [s\src\hotspot\share\prims\jni.cpp, line 520]
Event: 12.938 Thread 0x000001affe9cee30 Exception <a 'sun/nio/fs/WindowsException'{0x00000000d6922d38}> (0x00000000d6922d38) 
thrown [s\src\hotspot\share\prims\jni.cpp, line 520]
Event: 12.939 Thread 0x000001affe9cee30 Exception <a 'sun/nio/fs/WindowsException'{0x00000000d6924660}> (0x00000000d6924660) 
thrown [s\src\hotspot\share\prims\jni.cpp, line 520]
Event: 12.939 Thread 0x000001affe9cee30 Exception <a 'sun/nio/fs/WindowsException'{0x00000000d6924f40}> (0x00000000d6924f40) 
thrown [s\src\hotspot\share\prims\jni.cpp, line 520]
Event: 12.944 Thread 0x000001affe9cee30 Exception <a 'java/lang/NoSuchMethodError'{0x00000000d694f638}: 'void java.lang.invoke.DirectMethodHandle$Holder.invokeVirtual(java.lang.Object, java.lang.Object, java.lang.Object, java.lang.Object)'> (0x00000000d694f638) 
thrown [s\src\hotspot\share\interpreter\linkResolver.cpp, line 773]
Event: 12.978 Thread 0x000001affe9cee30 Exception <a 'sun/nio/fs/WindowsException'{0x00000000d69e3378}> (0x00000000d69e3378) 
thrown [s\src\hotspot\share\prims\jni.cpp, line 520]
Event: 12.978 Thread 0x000001affe9cee30 Exception <a 'sun/nio/fs/WindowsException'{0x00000000d69e4238}> (0x00000000d69e4238) 
thrown [s\src\hotspot\share\prims\jni.cpp, line 520]
Event: 12.983 Thread 0x000001affe9cee30 Exception <a 'sun/nio/fs/WindowsException'{0x00000000d6a15f50}> (0x00000000d6a15f50) 
thrown [s\src\hotspot\share\prims\jni.cpp, line 520]
Event: 12.984 Thread 0x000001affe9cee30 Exception <a 'sun/nio/fs/WindowsException'{0x00000000d6a16b10}> (0x00000000d6a16b10) 
thrown [s\src\hotspot\share\prims\jni.cpp, line 520]
Event: 12.984 Thread 0x000001affe9cee30 Exception <a 'sun/nio/fs/WindowsException'{0x00000000d6a18870}> (0x00000000d6a18870) 
thrown [s\src\hotspot\share\prims\jni.cpp, line 520]
Event: 12.984 Thread 0x000001affe9cee30 Exception <a 'sun/nio/fs/WindowsException'{0x00000000d6a19150}> (0x00000000d6a19150) 
thrown [s\src\hotspot\share\prims\jni.cpp, line 520]
Event: 12.992 Thread 0x000001affe9cee30 Exception <a 'sun/nio/fs/WindowsException'{0x00000000d6a33258}> (0x00000000d6a33258) 
thrown [s\src\hotspot\share\prims\jni.cpp, line 520]
Event: 12.992 Thread 0x000001affe9cee30 Exception <a 'sun/nio/fs/WindowsException'{0x00000000d6a834a0}> (0x00000000d6a834a0) 
thrown [s\src\hotspot\share\prims\jni.cpp, line 520]
Event: 12.993 Thread 0x000001affe9cee30 Exception <a 'sun/nio/fs/WindowsException'{0x00000000d6a868e8}> (0x00000000d6a868e8) 
thrown [s\src\hotspot\share\prims\jni.cpp, line 520]
Event: 12.993 Thread 0x000001affe9cee30 Exception <a 'sun/nio/fs/WindowsException'{0x00000000d6a86f38}> (0x00000000d6a86f38) 
thrown [s\src\hotspot\share\prims\jni.cpp, line 520]
Event: 12.994 Thread 0x000001affe9cee30 Exception <a 'sun/nio/fs/WindowsException'{0x00000000d6a88828}> (0x00000000d6a88828) 
thrown [s\src\hotspot\share\prims\jni.cpp, line 520]
Event: 12.994 Thread 0x000001affe9cee30 Exception <a 'sun/nio/fs/WindowsException'{0x00000000d6a88e58}> (0x00000000d6a88e58) 
thrown [s\src\hotspot\share\prims\jni.cpp, line 520]

ZGC Phase Switch (0 events):
No events

VM Operations (20 events):
Event: 10.955 Executing safepoint VM operation: ParallelGCFailedAllocation (Allocation Failure)
Event: 10.957 Executing safepoint VM operation: ParallelGCFailedAllocation (Allocation Failure) done
Event: 11.201 Executing non-safepoint VM operation: HandshakeAllThreads (Deoptimize)
Event: 11.202 Executing non-safepoint VM operation: HandshakeAllThreads (Deoptimize) done
Event: 11.713 Executing safepoint VM operation: ParallelGCFailedAllocation (Allocation Failure)
Event: 11.716 Executing safepoint VM operation: ParallelGCFailedAllocation (Allocation Failure) done
Event: 11.836 Executing non-safepoint VM operation: HandshakeAllThreads (Deoptimize)
Event: 11.837 Executing non-safepoint VM operation: HandshakeAllThreads (Deoptimize) done
Event: 11.929 Executing non-safepoint VM operation: HandshakeAllThreads (Deoptimize)
Event: 11.929 Executing non-safepoint VM operation: HandshakeAllThreads (Deoptimize) done
Event: 12.364 Executing safepoint VM operation: ICBufferFull
Event: 12.365 Executing safepoint VM operation: ICBufferFull done
Event: 12.606 Executing safepoint VM operation: ParallelGCFailedAllocation (Allocation Failure)
Event: 12.609 Executing safepoint VM operation: ParallelGCFailedAllocation (Allocation Failure) done
Event: 12.731 Executing non-safepoint VM operation: HandshakeAllThreads (Deoptimize)
Event: 12.732 Executing non-safepoint VM operation: HandshakeAllThreads (Deoptimize) done
Event: 13.001 Executing safepoint VM operation: ICBufferFull
Event: 13.002 Executing safepoint VM operation: ICBufferFull done
Event: 13.002 Executing safepoint VM operation: ParallelGCFailedAllocation (Allocation Failure)
Event: 13.005 Executing safepoint VM operation: ParallelGCFailedAllocation (Allocation Failure) done

Memory protections (0 events):
No events

Nmethod flushes (20 events):
Event: 9.778 Thread 0x000001affb884950 flushing  nmethod 0x000001af80676290
Event: 9.778 Thread 0x000001affb884950 flushing  nmethod 0x000001af80676b90
Event: 9.778 Thread 0x000001affb884950 flushing  nmethod 0x000001af80677d90
Event: 9.778 Thread 0x000001affb884950 flushing  nmethod 0x000001af80678590
Event: 9.778 Thread 0x000001affb884950 flushing  nmethod 0x000001af80678d10
Event: 9.778 Thread 0x000001affb884950 flushing  nmethod 0x000001af8067a290
Event: 9.778 Thread 0x000001affb884950 flushing  nmethod 0x000001af8067a710
Event: 9.778 Thread 0x000001affb884950 flushing  nmethod 0x000001af8067b010
Event: 9.778 Thread 0x000001affb884950 flushing  nmethod 0x000001af8067bd10
Event: 9.778 Thread 0x000001affb884950 flushing  nmethod 0x000001af8067c910
Event: 9.778 Thread 0x000001affb884950 flushing  nmethod 0x000001af8067d390
Event: 9.778 Thread 0x000001affb884950 flushing  nmethod 0x000001af8067d890
Event: 9.778 Thread 0x000001affb884950 flushing  nmethod 0x000001af8067e810
Event: 9.778 Thread 0x000001affb884950 flushing  nmethod 0x000001af8067eb10
Event: 9.778 Thread 0x000001affb884950 flushing  nmethod 0x000001af8069bd10
Event: 9.778 Thread 0x000001affb884950 flushing  nmethod 0x000001af806aa210
Event: 9.778 Thread 0x000001affb884950 flushing  nmethod 0x000001af806bba10
Event: 9.778 Thread 0x000001affb884950 flushing  nmethod 0x000001af806bca90
Event: 9.778 Thread 0x000001affb884950 flushing  nmethod 0x000001af806c4e10
Event: 9.778 Thread 0x000001affb884950 flushing  nmethod 0x000001af80741a90

Events (20 events):
Event: 4.270 Thread 0x000001affdcd6820 Thread exited: 0x000001affdcd6820
Event: 6.133 Thread 0x000001affe5f1d50 Thread added: 0x000001affe875320
Event: 6.357 Thread 0x000001affcd23eb0 Thread added: 0x000001affdf51bf0
Event: 6.357 Thread 0x000001affcd23eb0 Thread added: 0x000001affdf522a0
Event: 6.769 Thread 0x000001affe5f1d50 Thread added: 0x000001afff450230
Event: 6.833 Thread 0x000001affdf522a0 Thread exited: 0x000001affdf522a0
Event: 7.198 Thread 0x000001affdf51bf0 Thread exited: 0x000001affdf51bf0
Event: 7.463 Thread 0x000001affe5f1d50 Thread added: 0x000001affe9d0f00
Event: 7.511 Thread 0x000001affe5f1d50 Thread added: 0x000001affe9cfb50
Event: 7.546 Thread 0x000001affe5f1d50 Thread added: 0x000001affe9cee30
Event: 7.573 Thread 0x000001affcd23eb0 Thread added: 0x000001affe9d2760
Event: 8.962 Thread 0x000001affe5f1d50 Thread added: 0x000001affe9ce7a0
Event: 9.104 Thread 0x000001affcd23eb0 Thread added: 0x000001affe640af0
Event: 9.283 Thread 0x000001affe9cfb50 Thread added: 0x000001affe9cf4c0
Event: 9.324 Thread 0x000001affe9cf4c0 Thread added: 0x000001affe9d01e0
Event: 9.406 Thread 0x000001affe9d01e0 Thread added: 0x000001affe9d0870
Event: 9.408 Thread 0x000001affe9d0870 Thread added: 0x000001affe9d1590
Event: 9.462 Thread 0x000001aff1adc3c0 Thread added: 0x000001affe9d1c20
Event: 9.488 Thread 0x000001aff1adc3c0 Thread added: 0x000001afff0ade80
Event: 9.543 Thread 0x000001affe9d1590 Thread added: 0x000001afff0ad160


Dynamic libraries:
0x00007ff7bc210000 - 0x00007ff7bc21e000 	c:\Users\相\.vscode\extensions\redhat.java-1.54.0-win32-x64\jre\21.0.10-win32-x86_64\bin\java.exe
0x00007ffcae300000 - 0x00007ffcae567000 	C:\WINDOWS\SYSTEM32\ntdll.dll
0x00007ffcacab0000 - 0x00007ffcacb79000 	C:\WINDOWS\System32\KERNEL32.DLL
0x00007ffcab9e0000 - 0x00007ffcabdd7000 	C:\WINDOWS\System32\KERNELBASE.dll
0x00007ffcabf30000 - 0x00007ffcac07b000 	C:\WINDOWS\System32\ucrtbase.dll
0x00007ffc7c420000 - 0x00007ffc7c438000 	c:\Users\相\.vscode\extensions\redhat.java-1.54.0-win32-x64\jre\21.0.10-win32-x86_64\bin\jli.dll
0x00007ffc7b870000 - 0x00007ffc7b88e000 	c:\Users\相\.vscode\extensions\redhat.java-1.54.0-win32-x64\jre\21.0.10-win32-x86_64\bin\VCRUNTIME140.dll
0x00007ffcad660000 - 0x00007ffcad826000 	C:\WINDOWS\System32\USER32.dll
0x00007ffcaad30000 - 0x00007ffcaad57000 	C:\WINDOWS\System32\win32u.dll
0x00007ffcad450000 - 0x00007ffcad47b000 	C:\WINDOWS\System32\GDI32.dll
0x00007ffcab8b0000 - 0x00007ffcab9dc000 	C:\WINDOWS\System32\gdi32full.dll
0x00007ffcaaf90000 - 0x00007ffcab033000 	C:\WINDOWS\System32\msvcp_win.dll
0x00007ffc958d0000 - 0x00007ffc95b62000 	C:\WINDOWS\WinSxS\amd64_microsoft.windows.common-controls_6595b64144ccf1df_6.0.26100.8457_none_3e0b2faee331e92d\COMCTL32.dll
0x00007ffcacf00000 - 0x00007ffcacfa9000 	C:\WINDOWS\System32\msvcrt.dll
0x00007ffcacec0000 - 0x00007ffcacef2000 	C:\WINDOWS\System32\IMM32.DLL
0x00007ffc89bd0000 - 0x00007ffc89bdc000 	c:\Users\相\.vscode\extensions\redhat.java-1.54.0-win32-x64\jre\21.0.10-win32-x86_64\bin\vcruntime140_1.dll
0x00007ffc6fd20000 - 0x00007ffc6fdad000 	c:\Users\相\.vscode\extensions\redhat.java-1.54.0-win32-x64\jre\21.0.10-win32-x86_64\bin\msvcp140.dll
0x00007ffc2fb40000 - 0x00007ffc308e1000 	c:\Users\相\.vscode\extensions\redhat.java-1.54.0-win32-x64\jre\21.0.10-win32-x86_64\bin\server\jvm.dll
0x00007ffcac080000 - 0x00007ffcac136000 	C:\WINDOWS\System32\ADVAPI32.dll
0x00007ffcac7a0000 - 0x00007ffcac847000 	C:\WINDOWS\System32\sechost.dll
0x00007ffcad540000 - 0x00007ffcad658000 	C:\WINDOWS\System32\RPCRT4.dll
0x00007ffcac8a0000 - 0x00007ffcac920000 	C:\WINDOWS\System32\WS2_32.dll
0x00007ffcaabb0000 - 0x00007ffcaac0e000 	C:\WINDOWS\SYSTEM32\POWRPROF.dll
0x00007ffca2af0000 - 0x00007ffca2b26000 	C:\WINDOWS\SYSTEM32\WINMM.dll
0x00007ffca27c0000 - 0x00007ffca27cb000 	C:\WINDOWS\SYSTEM32\VERSION.dll
0x00007ffcaab90000 - 0x00007ffcaaba4000 	C:\WINDOWS\SYSTEM32\UMPDC.dll
0x00007ffca9aa0000 - 0x00007ffca9abb000 	C:\WINDOWS\SYSTEM32\kernel.appcore.dll
0x00007ffc83f60000 - 0x00007ffc83f6a000 	c:\Users\相\.vscode\extensions\redhat.java-1.54.0-win32-x64\jre\21.0.10-win32-x86_64\bin\jimage.dll
0x00007ffca8ed0000 - 0x00007ffca9112000 	C:\WINDOWS\SYSTEM32\DBGHELP.DLL
0x00007ffcac170000 - 0x00007ffcac4f3000 	C:\WINDOWS\System32\combase.dll
0x00007ffcac6c0000 - 0x00007ffcac799000 	C:\WINDOWS\System32\OLEAUT32.dll
0x00007ffc86a10000 - 0x00007ffc86a4b000 	C:\WINDOWS\SYSTEM32\dbgcore.DLL
0x00007ffcaad60000 - 0x00007ffcaae08000 	C:\WINDOWS\System32\bcryptPrimitives.dll
0x00007ffc7fc40000 - 0x00007ffc7fc4f000 	c:\Users\相\.vscode\extensions\redhat.java-1.54.0-win32-x64\jre\21.0.10-win32-x86_64\bin\instrument.dll
0x00007ffc70470000 - 0x00007ffc70490000 	c:\Users\相\.vscode\extensions\redhat.java-1.54.0-win32-x64\jre\21.0.10-win32-x86_64\bin\java.dll
0x00007ffcad9e0000 - 0x00007ffcae14e000 	C:\WINDOWS\System32\SHELL32.dll
0x00007ffcab040000 - 0x00007ffcab8ac000 	C:\WINDOWS\System32\windows.storage.dll
0x00007ffcacb80000 - 0x00007ffcacc76000 	C:\WINDOWS\System32\SHCORE.dll
0x00007ffcac650000 - 0x00007ffcac6b6000 	C:\WINDOWS\System32\shlwapi.dll
0x00007ffcaac50000 - 0x00007ffcaac79000 	C:\WINDOWS\SYSTEM32\profapi.dll
0x00007ffc70310000 - 0x00007ffc70328000 	c:\Users\相\.vscode\extensions\redhat.java-1.54.0-win32-x64\jre\21.0.10-win32-x86_64\bin\zip.dll
0x00007ffc823a0000 - 0x00007ffc823b0000 	C:\Users\相\.vscode\extensions\redhat.java-1.54.0-win32-x64\jre\21.0.10-win32-x86_64\bin\net.dll
0x00007ffca2ff0000 - 0x00007ffca3119000 	C:\WINDOWS\SYSTEM32\WINHTTP.dll
0x00007ffcaa030000 - 0x00007ffcaa09c000 	C:\WINDOWS\system32\mswsock.dll
0x00007ffc70010000 - 0x00007ffc70026000 	C:\Users\相\.vscode\extensions\redhat.java-1.54.0-win32-x64\jre\21.0.10-win32-x86_64\bin\nio.dll
0x00007ffc7f380000 - 0x00007ffc7f390000 	c:\Users\相\.vscode\extensions\redhat.java-1.54.0-win32-x64\jre\21.0.10-win32-x86_64\bin\verify.dll
0x00007ffc7da80000 - 0x00007ffc7dac5000 	C:\Users\相\AppData\Roaming\Code\User\globalStorage\redhat.java\1.54.0\config_win\org.eclipse.equinox.launcher\org.eclipse.equinox.launcher.win32.win32.x86_64_1.3.0.v20260203-2149\eclipse_11919.dll
0x00007ffcad830000 - 0x00007ffcad9c7000 	C:\WINDOWS\System32\ole32.dll
0x00007ffcaa310000 - 0x00007ffcaa32b000 	C:\WINDOWS\SYSTEM32\CRYPTSP.dll
0x00007ffca9a00000 - 0x00007ffca9a39000 	C:\WINDOWS\system32\rsaenh.dll
0x00007ffcaa0e0000 - 0x00007ffcaa113000 	C:\WINDOWS\SYSTEM32\USERENV.dll
0x00007ffcaac20000 - 0x00007ffcaac4a000 	C:\WINDOWS\SYSTEM32\bcrypt.dll
0x00007ffcaa330000 - 0x00007ffcaa33c000 	C:\WINDOWS\SYSTEM32\CRYPTBASE.dll
0x00007ffca9480000 - 0x00007ffca94b2000 	C:\WINDOWS\SYSTEM32\IPHLPAPI.DLL
0x00007ffcad9d0000 - 0x00007ffcad9da000 	C:\WINDOWS\System32\NSI.dll
0x00007ffc6ff40000 - 0x00007ffc6ff89000 	C:\Users\相\AppData\Local\Temp\jna-32494745\jna6912509853568121207.dll
0x00007ffcad440000 - 0x00007ffcad448000 	C:\WINDOWS\System32\PSAPI.DLL
0x00007ffca3400000 - 0x00007ffca341d000 	C:\WINDOWS\SYSTEM32\dhcpcsvc6.DLL
0x00007ffca3290000 - 0x00007ffca32b5000 	C:\WINDOWS\SYSTEM32\dhcpcsvc.DLL

JVMTI agents:
c:\Users\相\.vscode\extensions\redhat.java-1.54.0-win32-x64\lombok\lombok-1.18.39-4050.jar path:c:\Users\相\.vscode\extensions\redhat.java-1.54.0-win32-x64\jre\21.0.10-win32-x86_64\bin\instrument.dll, loaded, initialized, instrumentlib options:none

dbghelp: loaded successfully - version: 4.0.5 - missing functions: none
symbol engine: initialized successfully - sym options: 0x614 - pdb path: .;c:\Users\相\.vscode\extensions\redhat.java-1.54.0-win32-x64\jre\21.0.10-win32-x86_64\bin;C:\WINDOWS\SYSTEM32;C:\WINDOWS\WinSxS\amd64_microsoft.windows.common-controls_6595b64144ccf1df_6.0.26100.8457_none_3e0b2faee331e92d;c:\Users\相\.vscode\extensions\redhat.java-1.54.0-win32-x64\jre\21.0.10-win32-x86_64\bin\server;C:\Users\相\AppData\Roaming\Code\User\globalStorage\redhat.java\1.54.0\config_win\org.eclipse.equinox.launcher\org.eclipse.equinox.launcher.win32.win32.x86_64_1.3.0.v20260203-2149;C:\Users\相\AppData\Local\Temp\jna-32494745

VM Arguments:
jvm_args: --add-modules=ALL-SYSTEM --add-opens=java.base/java.util=ALL-UNNAMED --add-opens=java.base/java.lang=ALL-UNNAMED --add-opens=java.base/sun.nio.fs=ALL-UNNAMED -Declipse.application=org.eclipse.jdt.ls.core.id1 -Dosgi.bundles.defaultStartLevel=4 -Declipse.product=org.eclipse.jdt.ls.core.product -Djava.import.generatesMetadataFilesAtProjectRoot=false -DDetectVMInstallationsJob.disabled=true -Dfile.encoding=utf8 -XX:+UseParallelGC -XX:GCTimeRatio=4 -XX:AdaptiveSizePolicyWeight=90 -Dsun.zip.disableMemoryMapping=true -Xmx2G -Xms100m -Xlog:disable -javaagent:c:\Users\相\.vscode\extensions\redhat.java-1.54.0-win32-x64\lombok\lombok-1.18.39-4050.jar -XX:+HeapDumpOnOutOfMemoryError -XX:HeapDumpPath=c:\Users\相\AppData\Roaming\Code\User\workspaceStorage\fc9b43262a2132a71c7d9b583e12125f\redhat.java -Daether.dependencyCollector.impl=bf 
java_command: c:\Users\相\.vscode\extensions\redhat.java-1.54.0-win32-x64\server\plugins\org.eclipse.equinox.launcher_1.7.100.v20251111-0406.jar -configuration c:\Users\相\AppData\Roaming\Code\User\globalStorage\redhat.java\1.54.0\config_win -data c:\Users\相\AppData\Roaming\Code\User\workspaceStorage\fc9b43262a2132a71c7d9b583e12125f\redhat.java\jdt_ws --pipe=\\.\pipe\lsp-783ed55e8556a4678a9b166df864c540-sock
java_class_path (initial): c:\Users\相\.vscode\extensions\redhat.java-1.54.0-win32-x64\server\plugins\org.eclipse.equinox.launcher_1.7.100.v20251111-0406.jar
Launcher Type: SUN_STANDARD

[Global flags]
    uintx AdaptiveSizePolicyWeight                 = 90                                        {product} {command line}
     intx CICompilerCount                          = 4                                         {product} {ergonomic}
    uintx GCTimeRatio                              = 4                                         {product} {command line}
     bool HeapDumpOnOutOfMemoryError               = true                                   {manageable} {command line}
    ccstr HeapDumpPath                             = c:\Users\相\AppData\Roaming\Code\User\workspaceStorage\fc9b43262a2132a71c7d9b583e12125f\redhat.java         {manageable} {command line}
   size_t InitialHeapSize                          = 104857600                                 {product} {command line}
   size_t MaxHeapSize                              = 2147483648                                {product} {command line}
   size_t MaxNewSize                               = 715653120                                 {product} {ergonomic}
   size_t MinHeapDeltaBytes                        = 524288                                    {product} {ergonomic}
   size_t MinHeapSize                              = 104857600                                 {product} {command line}
   size_t NewSize                                  = 34603008                                  {product} {ergonomic}
    uintx NonNMethodCodeHeapSize                   = 5839372                                {pd product} {ergonomic}
    uintx NonProfiledCodeHeapSize                  = 122909434                              {pd product} {ergonomic}
   size_t OldSize                                  = 70254592                                  {product} {ergonomic}
    uintx ProfiledCodeHeapSize                     = 122909434                              {pd product} {ergonomic}
    uintx ReservedCodeCacheSize                    = 251658240                              {pd product} {ergonomic}
     bool SegmentedCodeCache                       = true                                      {product} {ergonomic}
   size_t SoftMaxHeapSize                          = 2147483648                             {manageable} {ergonomic}
     bool UseCompressedOops                        = true                           {product lp64_product} {ergonomic}
     bool UseLargePagesIndividualAllocation        = false                                  {pd product} {ergonomic}
     bool UseParallelGC                            = true                                      {product} {command line}

Logging:
Log output configuration:
 #0: stdout all=off uptime,level,tags foldmultilines=false
 #1: stderr all=off uptime,level,tags foldmultilines=false

Release file:
JAVA_VERSION="21.0.10" 
MODULES="java.base java.compiler java.datatransfer java.xml java.prefs java.desktop java.instrument java.logging java.management java.security.sasl java.naming java.rmi java.management.rmi java.net.http java.scripting java.security.jgss java.transaction.xa java.sql java.sql.rowset java.xml.crypto java.se java.smartcardio jdk.accessibility jdk.internal.jvmstat jdk.attach jdk.charsets jdk.internal.opt jdk.zipfs jdk.compiler jdk.crypto.ec jdk.crypto.cryptoki jdk.crypto.mscapi jdk.dynalink jdk.internal.ed jdk.editpad jdk.hotspot.agent jdk.httpserver jdk.internal.le jdk.internal.vm.ci jdk.internal.vm.compiler jdk.internal.vm.compiler.management jdk.jartool jdk.javadoc jdk.jcmd jdk.management jdk.management.agent jdk.jconsole jdk.jdeps jdk.jdwp.agent jdk.jdi jdk.jfr jdk.jshell jdk.jsobject jdk.jstatd jdk.localedata jdk.management.jfr jdk.naming.dns jdk.naming.rmi jdk.net jdk.nio.mapmode jdk.random jdk.sctp jdk.security.auth jdk.security.jgss jdk.unsupported jdk.unsupported.desktop jdk.xml.dom" 

Environment Variables:
PATH=C:\Users\相\AppData\Local\Programs\Microsoft VS Code;C:\Program Files\Common Files\Oracle\Java\javapath;C:\Program Files (x86)\Common Files\Oracle\Java\java8path;C:\Program Files (x86)\Common Files\Oracle\Java\javapath;C:\WinAVR-20100110\bin;C:\WinAVR-20100110\utils\bin;C:\WINDOWS\system32;C:\WINDOWS;C:\WINDOWS\System32\Wbem;C:\WINDOWS\System32\WindowsPowerShell\v1.0\;C:\WINDOWS\System32\OpenSSH\;C:\Users\相\AppData\Local\Programs\Python\Python312\Scripts;C:\Program Files\dotnet\;C:\Program Files\Java\jre1.8.0_471\bin\java.exe;C:\Program Files\Git LFS;C:\Program Files\Git\cmd;C:\Program Files (x86)\Windows Kits\10\Windows Performance Toolkit\;D:\Programs\PostgreSQL\18\pgAdmin 4\runtime\psql.exe;;C:\Program Files\Docker\Docker\resources\bin;C:\Users\相\AppData\Local\Programs\Python\Python312\Scripts\;C:\Users\相\AppData\Local\Programs\Python\Python312\;C:\Users\相\AppData\Local\Microsoft\WindowsApps;D:\Programs\PyCharm Community Edition 2024.1.4\bin;;C:\Program Files\Java\jre1.8.0_471\bin\java.exe;C:\Program Files (X86)\Java\jre1.8.0_471\bin\java.exe;D:\Programs\IntelliJ IDEA Community Edition 2025.2.4\bin;C:\Users\相\AppData\Local\Programs\Microsoft VS Code\bin;D:\Programs\PostgreSQL\18\pgAdmin 4\runtime\psql.exe;
USERNAME=相
OS=Windows_NT
PROCESSOR_IDENTIFIER=AMD64 Family 23 Model 104 Stepping 1, AuthenticAMD
TMP=C:\Users\9E39~1\AppData\Local\Temp
TEMP=C:\Users\9E39~1\AppData\Local\Temp




Periodic native trim disabled

---------------  S Y S T E M  ---------------

OS:
 Windows 11 , 64 bit Build 26100 (10.0.26100.8328)
OS uptime: 1 days 3:16 hours
Hyper-V role detected

CPU: total 12 (initial active 12) (12 cores per cpu, 2 threads per core) family 23 model 104 stepping 1 microcode 0x8608103, cx8, cmov, fxsr, ht, mmx, 3dnowpref, sse, sse2, sse3, ssse3, sse4a, sse4.1, sse4.2, popcnt, lzcnt, tsc, tscinvbit, avx, avx2, aes, clmul, bmi1, bmi2, adx, sha, fma, vzeroupper, clflush, clflushopt, hv, rdtscp, rdpid, f16c
Processor Information for the first 12 processors :
  Max Mhz: 2100, Current Mhz: 2100, Mhz Limit: 2100

Memory: 4k page, system-wide physical 7514M (398M free)
TotalPageFile size 14156M (AvailPageFile size 3M)
current process WorkingSet (physical memory assigned to process): 224M, peak: 228M
current process commit charge ("private bytes"): 347M, peak: 351M

vm_info: OpenJDK 64-Bit Server VM (21.0.10+7-LTS) for windows-amd64 JRE (21.0.10+7-LTS), built on 2026-01-20T00:00:00Z by "admin" with MS VC++ 17.12 (VS2022)

END.
